// Jest Snapshot v1, https://goo.gl/fbAQLP

exports[`<Hero /> snapshot renders snapshot 1`] = `
<div
  className="zzAnF"
  filter="Ryan"
>
  <span />
  <span>
    <span />
  </span>
  <section
    id="floorPlan"
  >
    <div>
      <span />
      <span />
    </div>
    <img
      alt="AOA logo"
      className="dolnvF"
      src={
        Object {
          "default": "file",
        }
      }
    />
    <img
      alt="Power Talk 1"
      className="fQONEp"
      src={
        Object {
          "default": "file",
        }
      }
    />
    <img
      alt="Power Talk 2"
      className="jhqRjx"
      src={
        Object {
          "default": "file",
        }
      }
    />
  </section>
</div>
`;
