// Jest Snapshot v1, https://goo.gl/fbAQLP

exports[`renders User button snapshot 1`] = `
<div>
  <span>
    <div
      className="dqUvXD"
    >
      <img
        className="hOOyAl"
        height={25}
        src="test.jpg"
        width={25}
      />
      Sign out
    </div>
  </span>
  <span />
</div>
`;
