// Jest Snapshot v1, https://goo.gl/fbAQLP

exports[`BoothForm snapshot should render the snapshot 1`] = `
<form
  className="edkfuk"
  method="POST"
  onSubmit={[Function]}
>
  <input
    name="_csrf"
    onBlur={[Function]}
    onChange={[Function]}
    onDragStart={[Function]}
    onDrop={[Function]}
    onFocus={[Function]}
    type="hidden"
    value=""
  />
  <span />
  <span>
    <option
      value="None"
    >
      None
    </option>
    <option
      value="Todd"
    >
      Todd
    </option>
    <option
      value="Richard"
    >
      Richard
    </option>
    <option
      value="Jin"
    >
      Jin
    </option>
  </span>
  <span>
    <option
      value="n/a"
    >
      N/A
    </option>
    <option
      value="open"
    >
      Open
    </option>
    <option
      value="holding"
    >
      Holding
    </option>
    <option
      value="collect"
    >
      Need to Collect
    </option>
    <option
      value="good"
    >
      Good to go
    </option>
  </span>
  <span />
  <br />
  <div>
    <span>
      Save
    </span>
    <span>
      Save & Email Team
    </span>
  </div>
</form>
`;
